YEAR,MONTH,DAY_OF_MONTH,CARRIER_CODE,CARRIER_DESC,FLIGHT_NUMBER,ORIGIN,DESTINATION,ARRIVED_FLAG
2016,1,1,A01,A1 Airlines,11,A01,A11,Y
