YEAR,MONTH,DAY_OF_MONTH,CARRIER_CODE,CARRIER_DESC,FLIGHT_NUMBER,ORIGIN,DESTINATION
2016,1,1,A01,A1 Airlines,11,A01,A11
2016,1,1,A02,UNKNOWN,11,A01,A11
