YEAR,MONTH,DAY_OF_MONTH,CARRIER_CODE,CARRIER_DESC,FLIGHT_NUMBER,ORIGIN,DESTINATION,ARRIVED_FLAG
2016,1,1,A01,Arrived Airlines,11,A01,A11,Y
2016,1,1,A02,Didn't Arrive Airlines,11,A01,A11,N
2016,1,1,A02,Didn't Arrive Airlines,11,A01,A11,N
2016,1,1,A02,Didn't Arrive Airlines,11,A01,A11,N
2016,1,1,A02,Didn't Arrive Airlines,11,A01,A11,N
2016,1,1,A02,Didn't Arrive Airlines,11,A01,A11,N
2016,1,1,A02,Didn't Arrive Airlines,11,A01,A11,N
2016,1,1,A03,Arrival Unsure Airlines,11,A01,A11,NULL
